// Jest Snapshot v1, https://goo.gl/fbAQLP

exports[`<Home /> should create a snapshot for Home 1`] = `
<div
  className="Layoutstyled__PageRoot-sc-1sbt1lo-0 kBwEzq"
>
  <header
    className="Headerstyled__Header-sc-oelr0f-0 cUILle"
    data-testid="header"
  >
    <span
      data-testid="logo-wrapper"
    >
      <a
        className="LogoLinkstyled__Logo-sc-1ogs5jg-0 ktNUOj"
        data-testid="logo-link"
        href="/"
        onClick={[Function]}
        onMouseEnter={[Function]}
      >
        <span
          style={
            Object {
              "background": "none",
              "border": 0,
              "boxSizing": "border-box",
              "display": "inline-block",
              "height": "initial",
              "margin": 0,
              "maxWidth": "100%",
              "opacity": 1,
              "overflow": "hidden",
              "padding": 0,
              "position": "relative",
              "width": "initial",
            }
          }
        >
          <span
            style={
              Object {
                "background": "none",
                "border": 0,
                "boxSizing": "border-box",
                "display": "block",
                "height": "initial",
                "margin": 0,
                "maxWidth": "100%",
                "opacity": 1,
                "padding": 0,
                "width": "initial",
              }
            }
          >
            <img
              alt=""
              aria-hidden={true}
              src="data:image/svg+xml;base64,PHN2ZyB3aWR0aD0iODAiIGhlaWdodD0iOTAiIHhtbG5zPSJodHRwOi8vd3d3LnczLm9yZy8yMDAwL3N2ZyIgdmVyc2lvbj0iMS4xIi8+"
              style={
                Object {
                  "background": "none",
                  "border": 0,
                  "display": "block",
                  "height": "initial",
                  "margin": 0,
                  "maxWidth": "100%",
                  "opacity": 1,
                  "padding": 0,
                  "width": "initial",
                }
              }
            />
          </span>
          <img
            alt="Orcha Digital Health"
            data-nimg="intrinsic"
            decoding="async"
            src="data:image/gif;base64,R0lGODlhAQABAIAAAAAAAP///yH5BAEAAAAALAAAAAABAAEAAAIBRAA7"
            style={
              Object {
                "border": "none",
                "bottom": 0,
                "boxSizing": "border-box",
                "display": "block",
                "height": 0,
                "left": 0,
                "margin": "auto",
                "maxHeight": "100%",
                "maxWidth": "100%",
                "minHeight": "100%",
                "minWidth": "100%",
                "objectFit": undefined,
                "objectPosition": undefined,
                "padding": 0,
                "position": "absolute",
                "right": 0,
                "top": 0,
                "width": 0,
              }
            }
          />
          <noscript>
            <img
              alt="Orcha Digital Health"
              data-nimg="intrinsic"
              decoding="async"
              loading="lazy"
              src="/_next/image?url=%2Fassets%2Fsvg%2Flogo-orcha.svg&w=256&q=75"
              srcSet="/_next/image?url=%2Fassets%2Fsvg%2Flogo-orcha.svg&w=96&q=75 1x, /_next/image?url=%2Fassets%2Fsvg%2Flogo-orcha.svg&w=256&q=75 2x"
              style={
                Object {
                  "border": "none",
                  "bottom": 0,
                  "boxSizing": "border-box",
                  "display": "block",
                  "height": 0,
                  "left": 0,
                  "margin": "auto",
                  "maxHeight": "100%",
                  "maxWidth": "100%",
                  "minHeight": "100%",
                  "minWidth": "100%",
                  "objectFit": undefined,
                  "objectPosition": undefined,
                  "padding": 0,
                  "position": "absolute",
                  "right": 0,
                  "top": 0,
                  "width": 0,
                }
              }
            />
          </noscript>
        </span>
      </a>
    </span>
  </header>
  <main>
    <div
      data-testid="component-wrapper"
    >
      <h1
        className="MuiTypography-root typography__H1-sc-1l5jm91-0 JAoqz MuiTypography-h1"
      >
        Welcome to Orcha
      </h1>
    </div>
  </main>
  <footer
    className="Footerstyled__Footer-sc-19m8mjb-0 jxWxFl main-footer"
  >
    <div
      className="Footerstyled__FooterContent-sc-19m8mjb-1 cvIqyI"
    >
      <p
        className="MuiTypography-root typography__Paragraph-sc-1l5jm91-4 ifFtXH MuiTypography-body1"
      >
        Â© Orcha Digital Health 
        2021
      </p>
    </div>
  </footer>
</div>
`;
